// Jest Snapshot v1, https://goo.gl/fbAQLP

exports[`Author renders correctly 1`] = `
<div
  className="mx-3 py-4"
>
  <a
    href="/"
  >
    <img
      alt="test"
      className="author__photo"
      height="100"
      src="/photo.jpg"
      style={
        Object {
          "opacity": 0.9,
        }
      }
      width="100"
    />
  </a>
  <h2
    className="author__title"
  >
    <a
      className="author__title-link"
      href="/"
    >
      test
    </a>
  </h2>
  <div
    className="text-muted d-flex flex-column"
    style={
      Object {
        "fontSize": "16px",
      }
    }
  >
    <span>
      SDE @ Appfolio
    </span>
    <span>
      MS CS '19 @ UW-Madison
    </span>
    <span
      className="mt-2"
    >
      Enthusiastic about creating tools to make life better.
    </span>
  </div>
</div>
`;
