// Jest Snapshot v1, https://goo.gl/fbAQLP

exports[`Tags renders correctly 1`] = `
<div
  className="tags"
>
  <ul
    className="tags__list"
  >
    <li
      className="tags__list-item"
    >
      <a
        href="/test_0"
      >
        <h3
          className="mt-0"
        >
          <span
            className="badge badge-success"
          >
            test_0
          </span>
        </h3>
      </a>
    </li>
    <li
      className="tags__list-item"
    >
      <a
        href="/test_1"
      >
        <h3
          className="mt-0"
        >
          <span
            className="badge badge-success"
          >
            test_1
          </span>
        </h3>
      </a>
    </li>
  </ul>
</div>
`;
